** Drc report for panel_rp2354_20x20.kicad_pcb **
** Created on 2026-04-02T16:39:57-0400 **
** Report includes: Errors, Warnings **

** Found 150 DRC violations **
[lib_footprint_mismatch]: Footprint 'C_0201_0603Metric' does not match copy in library 'Capacitor_SMD'.
    Local override; warning
    @(76.3700 mm, 52.0600 mm): Footprint C40
[lib_footprint_mismatch]: Footprint 'C_0402_1005Metric' does not match copy in library 'Capacitor_SMD'.
    Local override; warning
    @(75.4800 mm, 52.2650 mm): Footprint C70
[lib_footprint_mismatch]: Footprint 'SOT-23-5' does not match copy in library 'Package_TO_SOT_SMD'.
    Local override; warning
    @(88.4175 mm, 69.3050 mm): Footprint U29
[lib_footprint_mismatch]: Footprint 'SOT-23-5' does not match copy in library 'Package_TO_SOT_SMD'.
    Local override; warning
    @(52.8200 mm, 73.5725 mm): Footprint U12
[lib_footprint_mismatch]: Footprint 'C_0201_0603Metric' does not match copy in library 'Capacitor_SMD'.
    Local override; warning
    @(55.1500 mm, 85.3850 mm): Footprint C20
[lib_footprint_mismatch]: Footprint 'R_0201_0603Metric' does not match copy in library 'Resistor_SMD'.
    Local override; warning
    @(72.9750 mm, 69.1250 mm): Footprint R5
[lib_footprint_mismatch]: Footprint 'C_0402_1005Metric' does not match copy in library 'Capacitor_SMD'.
    Local override; warning
    @(88.2200 mm, 77.7100 mm): Footprint C61
[lib_footprint_mismatch]: Footprint 'SOT-23-5' does not match copy in library 'Package_TO_SOT_SMD'.
    Local override; warning
    @(57.2775 mm, 81.9950 mm): Footprint U6
[lib_footprint_mismatch]: Footprint 'C_0201_0603Metric' does not match copy in library 'Capacitor_SMD'.
    Local override; warning
    @(78.8400 mm, 79.3100 mm): Footprint C16
[lib_footprint_mismatch]: Footprint 'C_0201_0603Metric' does not match copy in library 'Capacitor_SMD'.
    Local override; warning
    @(59.5700 mm, 72.8050 mm): Footprint C26
[lib_footprint_mismatch]: Footprint 'C_0201_0603Metric' does not match copy in library 'Capacitor_SMD'.
    Local override; warning
    @(76.3900 mm, 60.9800 mm): Footprint C44
[lib_footprint_mismatch]: Footprint 'SOT-23-5' does not match copy in library 'Package_TO_SOT_SMD'.
    Local override; warning
    @(92.8250 mm, 73.5875 mm): Footprint U36
[lib_footprint_mismatch]: Footprint 'R_0201_0603Metric' does not match copy in library 'Resistor_SMD'.
    Local override; warning
    @(60.2250 mm, 82.8000 mm): Footprint R3
[lib_footprint_mismatch]: Footprint 'SOT-23-5' does not match copy in library 'Package_TO_SOT_SMD'.
    Local override; warning
    @(57.2825 mm, 86.1950 mm): Footprint U4
[lib_footprint_mismatch]: Footprint 'C_0201_0603Metric' does not match copy in library 'Capacitor_SMD'.
    Local override; warning
    @(86.2000 mm, 85.9400 mm): Footprint C56
[lib_footprint_mismatch]: Footprint 'R_0201_0603Metric' does not match copy in library 'Resistor_SMD'.
    Local override; warning
    @(77.8000 mm, 83.9800 mm): Footprint R6
[lib_footprint_mismatch]: Footprint 'SOT-23-5' does not match copy in library 'Package_TO_SOT_SMD'.
    Local override; warning
    @(78.4750 mm, 52.4300 mm): Footprint U24
[lib_footprint_mismatch]: Footprint 'SOT-23-5' does not match copy in library 'Package_TO_SOT_SMD'.
    Local override; warning
    @(88.4250 mm, 73.5625 mm): Footprint U32
[lib_footprint_mismatch]: Footprint 'SOT-23-5' does not match copy in library 'Package_TO_SOT_SMD'.
    Local override; warning
    @(84.0250 mm, 73.5375 mm): Footprint U33
[lib_footprint_mismatch]: Footprint 'C_0201_0603Metric' does not match copy in library 'Capacitor_SMD'.
    Local override; warning
    @(55.0900 mm, 64.3000 mm): Footprint C36
[lib_footprint_mismatch]: Footprint 'R_0201_0603Metric' does not match copy in library 'Resistor_SMD'.
    Local override; warning
    @(72.8000 mm, 85.0000 mm): Footprint R7
[lib_footprint_mismatch]: Footprint 'C_0402_1005Metric' does not match copy in library 'Capacitor_SMD'.
    Local override; warning
    @(63.9800 mm, 64.2100 mm): Footprint C74
[lib_footprint_mismatch]: Footprint 'SOT-23-5' does not match copy in library 'Package_TO_SOT_SMD'.
    Local override; warning
    @(84.0375 mm, 65.0500 mm): Footprint U27
[lib_footprint_mismatch]: Footprint 'C_0201_0603Metric' does not match copy in library 'Capacitor_SMD'.
    Local override; warning
    @(65.1000 mm, 55.8350 mm): Footprint C33
[lib_footprint_mismatch]: Footprint 'C_0201_0603Metric' does not match copy in library 'Capacitor_SMD'.
    Local override; warning
    @(55.1300 mm, 76.9750 mm): Footprint C24
[lib_footprint_mismatch]: Footprint 'C_0201_0603Metric' does not match copy in library 'Capacitor_SMD'.
    Local override; warning
    @(55.1300 mm, 68.5500 mm): Footprint C30
[lib_footprint_mismatch]: Footprint 'C_0402_1005Metric' does not match copy in library 'Capacitor_SMD'.
    Local override; warning
    @(69.7600 mm, 52.3600 mm): Footprint C69
[lib_footprint_mismatch]: Footprint 'SOT-23-5' does not match copy in library 'Package_TO_SOT_SMD'.
    Local override; warning
    @(52.8350 mm, 65.1075 mm): Footprint U16
[lib_footprint_mismatch]: Footprint 'C_0201_0603Metric' does not match copy in library 'Capacitor_SMD'.
    Local override; warning
    @(69.7450 mm, 88.1200 mm): Footprint C3
[lib_footprint_mismatch]: Footprint 'R_0201_0603Metric' does not match copy in library 'Resistor_SMD'.
    Local override; warning
    @(55.1200 mm, 79.1450 mm): Footprint R14
[lib_footprint_mismatch]: Footprint 'SOT-23-5' does not match copy in library 'Package_TO_SOT_SMD'.
    Local override; warning
    @(61.7250 mm, 69.3675 mm): Footprint U13
[lib_footprint_mismatch]: Footprint 'R_0201_0603Metric' does not match copy in library 'Resistor_SMD'.
    Local override; warning
    @(59.5800 mm, 70.7150 mm): Footprint R19
[lib_footprint_mismatch]: Footprint 'SOT-23-5' does not match copy in library 'Package_TO_SOT_SMD'.
    Local override; warning
    @(57.2750 mm, 69.3625 mm): Footprint U14
[lib_footprint_mismatch]: Footprint 'C_0201_0603Metric' does not match copy in library 'Capacitor_SMD'.
    Local override; warning
    @(90.7125 mm, 77.5375 mm): Footprint C51
[lib_footprint_mismatch]: Footprint 'Crystal_SMD_3225-4Pin_3.2x2.5mm' does not match copy in library 'Crystal'.
    Local override; warning
    @(73.1700 mm, 64.3100 mm): Footprint Y1
[lib_footprint_mismatch]: Footprint 'R_0201_0603Metric' does not match copy in library 'Resistor_SMD'.
    Local override; warning
    @(67.7650 mm, 88.0700 mm): Footprint R1
[lib_footprint_mismatch]: Footprint 'C_0402_1005Metric' does not match copy in library 'Capacitor_SMD'.
    Local override; warning
    @(67.7750 mm, 91.5900 mm): Footprint C68
[lib_footprint_mismatch]: Footprint 'C_0201_0603Metric' does not match copy in library 'Capacitor_SMD'.
    Local override; warning
    @(69.9600 mm, 83.2750 mm): Footprint C18
[lib_footprint_mismatch]: Footprint 'R_0201_0603Metric' does not match copy in library 'Resistor_SMD'.
    Local override; warning
    @(50.6400 mm, 87.5150 mm): Footprint R11
[lib_footprint_mismatch]: Footprint 'C_0201_0603Metric' does not match copy in library 'Capacitor_SMD'.
    Local override; warning
    @(90.6600 mm, 63.9650 mm): Footprint C47
[lib_footprint_mismatch]: Footprint 'C_0402_1005Metric' does not match copy in library 'Capacitor_SMD'.
    Local override; warning
    @(69.5300 mm, 60.4700 mm): Footprint C60
[lib_footprint_mismatch]: Footprint 'R_0201_0603Metric' does not match copy in library 'Resistor_SMD'.
    Local override; warning
    @(84.0100 mm, 82.6200 mm): Footprint R2
[lib_footprint_mismatch]: Footprint 'C_0201_0603Metric' does not match copy in library 'Capacitor_SMD'.
    Local override; warning
    @(73.6450 mm, 67.6000 mm): Footprint C2
[lib_footprint_mismatch]: Footprint 'C_0201_0603Metric' does not match copy in library 'Capacitor_SMD'.
    Local override; warning
    @(65.1000 mm, 60.3750 mm): Footprint C34
[lib_footprint_mismatch]: Footprint 'C_0402_1005Metric' does not match copy in library 'Capacitor_SMD'.
    Local override; warning
    @(75.4300 mm, 60.9800 mm): Footprint C73
[lib_footprint_mismatch]: Footprint 'C_0201_0603Metric' does not match copy in library 'Capacitor_SMD'.
    Local override; warning
    @(50.6600 mm, 68.5200 mm): Footprint C31
[lib_footprint_mismatch]: Footprint 'C_0201_0603Metric' does not match copy in library 'Capacitor_SMD'.
    Local override; warning
    @(50.6600 mm, 72.7450 mm): Footprint C28
[lib_footprint_mismatch]: Footprint 'R_0201_0603Metric' does not match copy in library 'Resistor_SMD'.
    Local override; warning
    @(55.1200 mm, 66.4450 mm): Footprint R26
[lib_footprint_mismatch]: Footprint 'C_0201_0603Metric' does not match copy in library 'Capacitor_SMD'.
    Local override; warning
    @(78.9400 mm, 76.4700 mm): Footprint C9
[lib_footprint_mismatch]: Footprint 'C_0402_1005Metric' does not match copy in library 'Capacitor_SMD'.
    Local override; warning
    @(80.7750 mm, 86.0250 mm): Footprint C65
[lib_footprint_mismatch]: Footprint 'SOT-23-5' does not match copy in library 'Package_TO_SOT_SMD'.
    Local override; warning
    @(88.3300 mm, 81.8825 mm): Footprint U38
[lib_footprint_mismatch]: Footprint 'SOT-23-5' does not match copy in library 'Package_TO_SOT_SMD'.
    Local override; warning
    @(65.5250 mm, 92.5325 mm): Footprint U43
[lib_footprint_mismatch]: Footprint 'C_0201_0603Metric' does not match copy in library 'Capacitor_SMD'.
    Local override; warning
    @(81.9025 mm, 68.4525 mm): Footprint C46
[lib_footprint_mismatch]: Footprint 'R_0201_0603Metric' does not match copy in library 'Resistor_SMD'.
    Local override; warning
    @(61.7250 mm, 82.8100 mm): Footprint R4
[lib_footprint_mismatch]: Footprint 'C_0201_0603Metric' does not match copy in library 'Capacitor_SMD'.
    Local override; warning
    @(70.6500 mm, 52.1550 mm): Footprint C39
[lib_footprint_mismatch]: Footprint 'R_0201_0603Metric' does not match copy in library 'Resistor_SMD'.
    Local override; warning
    @(50.6600 mm, 79.1550 mm): Footprint R15
[lib_footprint_mismatch]: Footprint 'C_0201_0603Metric' does not match copy in library 'Capacitor_SMD'.
    Local override; warning
    @(76.3700 mm, 56.5000 mm): Footprint C41
[lib_footprint_mismatch]: Footprint 'C_0201_0603Metric' does not match copy in library 'Capacitor_SMD'.
    Local override; warning
    @(72.8100 mm, 83.3500 mm): Footprint C17
[lib_footprint_mismatch]: Footprint 'R_0201_0603Metric' does not match copy in library 'Resistor_SMD'.
    Local override; warning
    @(59.6000 mm, 87.5550 mm): Footprint R9
[lib_footprint_mismatch]: Footprint 'C_0402_1005Metric' does not match copy in library 'Capacitor_SMD'.
    Local override; warning
    @(63.9700 mm, 73.6400 mm): Footprint C64
[lib_footprint_mismatch]: Footprint 'C_0402_1005Metric' does not match copy in library 'Capacitor_SMD'.
    Local override; warning
    @(62.9500 mm, 80.6500 mm): Footprint C62
[lib_footprint_mismatch]: Footprint 'R_0201_0603Metric' does not match copy in library 'Resistor_SMD'.
    Local override; warning
    @(59.5900 mm, 66.4550 mm): Footprint R25
[lib_footprint_mismatch]: Footprint 'C_0201_0603Metric' does not match copy in library 'Capacitor_SMD'.
    Local override; warning
    @(65.0700 mm, 51.4350 mm): Footprint C37
[lib_footprint_mismatch]: Footprint 'SOT-23-5' does not match copy in library 'Package_TO_SOT_SMD'.
    Local override; warning
    @(67.2125 mm, 60.9750 mm): Footprint U18
[lib_footprint_mismatch]: Footprint 'R_0201_0603Metric' does not match copy in library 'Resistor_SMD'.
    Local override; warning
    @(73.5750 mm, 85.0050 mm): Footprint R8
[lib_footprint_mismatch]: Footprint 'R_0201_0603Metric' does not match copy in library 'Resistor_SMD'.
    Local override; warning
    @(50.6400 mm, 83.3250 mm): Footprint R13
[lib_footprint_mismatch]: Footprint 'R_0201_0603Metric' does not match copy in library 'Resistor_SMD'.
    Local override; warning
    @(70.6100 mm, 58.1350 mm): Footprint R28
[lib_footprint_mismatch]: Footprint 'R_0201_0603Metric' does not match copy in library 'Resistor_SMD'.
    Local override; warning
    @(55.1250 mm, 83.3400 mm): Footprint R12
[lib_footprint_mismatch]: Footprint 'SOT-23-5' does not match copy in library 'Package_TO_SOT_SMD'.
    Local override; warning
    @(78.5000 mm, 56.6875 mm): Footprint U25
[lib_footprint_mismatch]: Footprint 'C_0201_0603Metric' does not match copy in library 'Capacitor_SMD'.
    Local override; warning
    @(86.2700 mm, 72.9350 mm): Footprint C48
[lib_footprint_mismatch]: Footprint 'C_0402_1005Metric' does not match copy in library 'Capacitor_SMD'.
    Local override; warning
    @(88.2200 mm, 79.0700 mm): Footprint C63
[lib_footprint_mismatch]: Footprint 'R_0201_0603Metric' does not match copy in library 'Resistor_SMD'.
    Local override; warning
    @(50.6800 mm, 66.4650 mm): Footprint R22
[lib_footprint_mismatch]: Footprint 'SOT-23-5' does not match copy in library 'Package_TO_SOT_SMD'.
    Local override; warning
    @(61.7150 mm, 65.1225 mm): Footprint U19
[lib_footprint_mismatch]: Footprint 'C_0201_0603Metric' does not match copy in library 'Capacitor_SMD'.
    Local override; warning
    @(86.2925 mm, 68.5225 mm): Footprint C45
[lib_footprint_mismatch]: Footprint 'SOT-23-5' does not match copy in library 'Package_TO_SOT_SMD'.
    Local override; warning
    @(52.8000 mm, 69.3500 mm): Footprint U15
[lib_footprint_mismatch]: Footprint 'SOT-23-5' does not match copy in library 'Package_TO_SOT_SMD'.
    Local override; warning
    @(79.6500 mm, 92.5125 mm): Footprint U42
[lib_footprint_mismatch]: Footprint 'R_0201_0603Metric' does not match copy in library 'Resistor_SMD'.
    Local override; warning
    @(50.6500 mm, 74.9450 mm): Footprint R18
[lib_footprint_mismatch]: Footprint 'C_0402_1005Metric' does not match copy in library 'Capacitor_SMD'.
    Local override; warning
    @(62.9200 mm, 77.3200 mm): Footprint C59
[lib_footprint_mismatch]: Footprint 'C_0201_0603Metric' does not match copy in library 'Capacitor_SMD'.
    Local override; warning
    @(65.6700 mm, 78.4800 mm): Footprint C10
[lib_footprint_mismatch]: Footprint 'SOT-23-5' does not match copy in library 'Package_TO_SOT_SMD'.
    Local override; warning
    @(72.7750 mm, 56.7625 mm): Footprint U22
[lib_footprint_mismatch]: Footprint 'SOT-23-5' does not match copy in library 'Package_TO_SOT_SMD'.
    Local override; warning
    @(92.8500 mm, 65.0875 mm): Footprint U31
[lib_footprint_mismatch]: Footprint 'SOT-23-5' does not match copy in library 'Package_TO_SOT_SMD'.
    Local override; warning
    @(67.2125 mm, 52.3250 mm): Footprint U21
[lib_footprint_mismatch]: Footprint 'SOT-23-5' does not match copy in library 'Package_TO_SOT_SMD'.
    Local override; warning
    @(88.4375 mm, 65.0750 mm): Footprint U26
[lib_footprint_mismatch]: Footprint 'C_0201_0603Metric' does not match copy in library 'Capacitor_SMD'.
    Local override; warning
    @(59.6000 mm, 85.3950 mm): Footprint C19
[lib_footprint_mismatch]: Footprint 'C_0201_0603Metric' does not match copy in library 'Capacitor_SMD'.
    Local override; warning
    @(86.2700 mm, 63.9850 mm): Footprint C42
[lib_footprint_mismatch]: Footprint 'SOT-23-5' does not match copy in library 'Package_TO_SOT_SMD'.
    Local override; warning
    @(72.7850 mm, 52.3925 mm): Footprint U23
[lib_footprint_mismatch]: Footprint 'SOT-23-5' does not match copy in library 'Package_TO_SOT_SMD'.
    Local override; warning
    @(57.2750 mm, 73.6050 mm): Footprint U11
[lib_footprint_mismatch]: Footprint 'R_0201_0603Metric' does not match copy in library 'Resistor_SMD'.
    Local override; warning
    @(50.6500 mm, 70.6950 mm): Footprint R21
[lib_footprint_mismatch]: Footprint 'SOT-23-5' does not match copy in library 'Package_TO_SOT_SMD'.
    Local override; warning
    @(67.2250 mm, 56.7125 mm): Footprint U17
[lib_footprint_mismatch]: Footprint 'C_0201_0603Metric' does not match copy in library 'Capacitor_SMD'.
    Local override; warning
    @(71.7000 mm, 69.1300 mm): Footprint C13
[lib_footprint_mismatch]: Footprint 'C_0201_0603Metric' does not match copy in library 'Capacitor_SMD'.
    Local override; warning
    @(50.6500 mm, 85.4250 mm): Footprint C21
[lib_footprint_mismatch]: Footprint 'R_0201_0603Metric' does not match copy in library 'Resistor_SMD'.
    Local override; warning
    @(55.1500 mm, 70.7200 mm): Footprint R20
[lib_footprint_mismatch]: Footprint 'C_0201_0603Metric' does not match copy in library 'Capacitor_SMD'.
    Local override; warning
    @(59.5600 mm, 64.3100 mm): Footprint C35
[lib_footprint_mismatch]: Footprint 'C_0201_0603Metric' does not match copy in library 'Capacitor_SMD'.
    Local override; warning
    @(81.8375 mm, 85.9675 mm): Footprint C57
[lib_footprint_mismatch]: Footprint 'C_0201_0603Metric' does not match copy in library 'Capacitor_SMD'.
    Local override; warning
    @(90.6900 mm, 72.8300 mm): Footprint C52
[lib_footprint_mismatch]: Footprint 'C_0402_1005Metric' does not match copy in library 'Capacitor_SMD'.
    Local override; warning
    @(64.0300 mm, 86.9300 mm): Footprint C66
[lib_footprint_mismatch]: Footprint 'C_0402_1005Metric' does not match copy in library 'Capacitor_SMD'.
    Local override; warning
    @(80.9825 mm, 68.2775 mm): Footprint C71
[lib_footprint_mismatch]: Footprint 'C_0201_0603Metric' does not match copy in library 'Capacitor_SMD'.
    Local override; warning
    @(55.1400 mm, 72.7650 mm): Footprint C27
[lib_footprint_mismatch]: Footprint 'C_0402_1005Metric' does not match copy in library 'Capacitor_SMD'.
    Local override; warning
    @(73.8600 mm, 68.9600 mm): Footprint C8
[lib_footprint_mismatch]: Footprint 'SOT-23-5' does not match copy in library 'Package_TO_SOT_SMD'.
    Local override; warning
    @(92.8300 mm, 69.3425 mm): Footprint U34
[lib_footprint_mismatch]: Footprint 'SOT-23-5' does not match copy in library 'Package_TO_SOT_SMD'.
    Local override; warning
    @(78.5000 mm, 60.9125 mm): Footprint U28
[lib_footprint_mismatch]: Footprint 'C_0402_1005Metric' does not match copy in library 'Capacitor_SMD'.
    Local override; warning
    @(80.9900 mm, 64.0100 mm): Footprint C72
[lib_footprint_mismatch]: Footprint 'C_0201_0603Metric' does not match copy in library 'Capacitor_SMD'.
    Local override; warning
    @(78.9500 mm, 75.6800 mm): Footprint C15
[lib_footprint_mismatch]: Footprint 'SOT-23-5' does not match copy in library 'Package_TO_SOT_SMD'.
    Local override; warning
    @(88.3250 mm, 86.1900 mm): Footprint U40
[lib_footprint_mismatch]: Footprint 'C_0201_0603Metric' does not match copy in library 'Capacitor_SMD'.
    Local override; warning
    @(65.7100 mm, 73.9600 mm): Footprint C11
[lib_footprint_mismatch]: Footprint 'SOT-23-5' does not match copy in library 'Package_TO_SOT_SMD'.
    Local override; warning
    @(52.8100 mm, 77.7775 mm): Footprint U9
[lib_footprint_mismatch]: Footprint 'C_0201_0603Metric' does not match copy in library 'Capacitor_SMD'.
    Local override; warning
    @(50.6600 mm, 76.9650 mm): Footprint C25
[lib_footprint_mismatch]: Footprint 'SOT-23-5' does not match copy in library 'Package_TO_SOT_SMD'.
    Local override; warning
    @(92.8250 mm, 86.2000 mm): Footprint U39
[lib_footprint_mismatch]: Footprint 'C_0201_0603Metric' does not match copy in library 'Capacitor_SMD'.
    Local override; warning
    @(55.1300 mm, 81.1850 mm): Footprint C22
[lib_footprint_mismatch]: Footprint 'C_0201_0603Metric' does not match copy in library 'Capacitor_SMD'.
    Local override; warning
    @(65.6700 mm, 76.3200 mm): Footprint C6
[lib_footprint_mismatch]: Footprint 'SOT-23-5' does not match copy in library 'Package_TO_SOT_SMD'.
    Local override; warning
    @(61.7425 mm, 86.2150 mm): Footprint U3
[lib_footprint_mismatch]: Footprint 'C_0402_1005Metric' does not match copy in library 'Capacitor_SMD'.
    Local override; warning
    @(63.9700 mm, 68.6900 mm): Footprint C75
[lib_footprint_mismatch]: Footprint 'C_0201_0603Metric' does not match copy in library 'Capacitor_SMD'.
    Local override; warning
    @(90.6800 mm, 81.6650 mm): Footprint C53
[lib_footprint_mismatch]: Footprint 'SOT-23-5' does not match copy in library 'Package_TO_SOT_SMD'.
    Local override; warning
    @(84.0175 mm, 69.2800 mm): Footprint U30
[lib_footprint_mismatch]: Footprint 'SOT-23-5' does not match copy in library 'Package_TO_SOT_SMD'.
    Local override; warning
    @(83.9625 mm, 86.2000 mm): Footprint U41
[lib_footprint_mismatch]: Footprint 'R_0201_0603Metric' does not match copy in library 'Resistor_SMD'.
    Local override; warning
    @(55.1200 mm, 74.9650 mm): Footprint R17
[lib_footprint_mismatch]: Footprint 'SOT-23-5' does not match copy in library 'Package_TO_SOT_SMD'.
    Local override; warning
    @(52.8000 mm, 86.1875 mm): Footprint U5
[lib_footprint_mismatch]: Footprint 'C_0201_0603Metric' does not match copy in library 'Capacitor_SMD'.
    Local override; warning
    @(90.6725 mm, 68.6725 mm): Footprint C50
[lib_footprint_mismatch]: Footprint 'R_0201_0603Metric' does not match copy in library 'Resistor_SMD'.
    Local override; warning
    @(65.0900 mm, 58.2250 mm): Footprint R23
[lib_footprint_mismatch]: Footprint 'SOT-23-5' does not match copy in library 'Package_TO_SOT_SMD'.
    Local override; warning
    @(57.2825 mm, 77.8050 mm): Footprint U8
[lib_footprint_mismatch]: Footprint 'C_0402_1005Metric' does not match copy in library 'Capacitor_SMD'.
    Local override; warning
    @(67.7750 mm, 93.4950 mm): Footprint C67
[lib_footprint_mismatch]: Footprint 'C_0201_0603Metric' does not match copy in library 'Capacitor_SMD'.
    Local override; warning
    @(81.8700 mm, 63.8150 mm): Footprint C43
[lib_footprint_mismatch]: Footprint 'R_0201_0603Metric' does not match copy in library 'Resistor_SMD'.
    Local override; warning
    @(65.0875 mm, 53.6825 mm): Footprint R27
[lib_footprint_mismatch]: Footprint 'C_0201_0603Metric' does not match copy in library 'Capacitor_SMD'.
    Local override; warning
    @(70.6100 mm, 55.5350 mm): Footprint C38
[lib_footprint_mismatch]: Footprint 'C_0201_0603Metric' does not match copy in library 'Capacitor_SMD'.
    Local override; warning
    @(81.8400 mm, 72.8250 mm): Footprint C49
[lib_footprint_mismatch]: Footprint 'C_0201_0603Metric' does not match copy in library 'Capacitor_SMD'.
    Local override; warning
    @(50.6600 mm, 81.1550 mm): Footprint C23
[lib_footprint_mismatch]: Footprint 'SOT-23-5' does not match copy in library 'Package_TO_SOT_SMD'.
    Local override; warning
    @(92.8375 mm, 77.7625 mm): Footprint U35
[lib_footprint_mismatch]: Footprint 'C_0201_0603Metric' does not match copy in library 'Capacitor_SMD'.
    Local override; warning
    @(59.5800 mm, 68.5600 mm): Footprint C29
[lib_footprint_mismatch]: Footprint 'C_0201_0603Metric' does not match copy in library 'Capacitor_SMD'.
    Local override; warning
    @(90.6750 mm, 85.9550 mm): Footprint C55
[lib_footprint_mismatch]: Footprint 'R_0201_0603Metric' does not match copy in library 'Resistor_SMD'.
    Local override; warning
    @(59.5800 mm, 74.9750 mm): Footprint R16
[lib_footprint_mismatch]: Footprint 'C_0402_1005Metric' does not match copy in library 'Capacitor_SMD'.
    Local override; warning
    @(77.8000 mm, 82.6000 mm): Footprint C7
[lib_footprint_mismatch]: Footprint 'R_0201_0603Metric' does not match copy in library 'Resistor_SMD'.
    Local override; warning
    @(65.0800 mm, 62.7200 mm): Footprint R24
[lib_footprint_mismatch]: Footprint 'C_0201_0603Metric' does not match copy in library 'Capacitor_SMD'.
    Local override; warning
    @(50.6900 mm, 64.2800 mm): Footprint C32
[lib_footprint_mismatch]: Footprint 'C_0201_0603Metric' does not match copy in library 'Capacitor_SMD'.
    Local override; warning
    @(69.5100 mm, 68.0900 mm): Footprint C12
[lib_footprint_mismatch]: Footprint 'C_0402_1005Metric' does not match copy in library 'Capacitor_SMD'.
    Local override; warning
    @(88.2200 mm, 76.4200 mm): Footprint C76
[lib_footprint_mismatch]: Footprint 'SOT-23-5' does not match copy in library 'Package_TO_SOT_SMD'.
    Local override; warning
    @(92.8375 mm, 81.9700 mm): Footprint U37
[lib_footprint_mismatch]: Footprint 'C_0201_0603Metric' does not match copy in library 'Capacitor_SMD'.
    Local override; warning
    @(79.2600 mm, 70.9550 mm): Footprint C14
[lib_footprint_mismatch]: Footprint 'C_0201_0603Metric' does not match copy in library 'Capacitor_SMD'.
    Local override; warning
    @(86.1800 mm, 81.6400 mm): Footprint C54
[lib_footprint_mismatch]: Footprint 'SOT-23-5' does not match copy in library 'Package_TO_SOT_SMD'.
    Local override; warning
    @(57.2700 mm, 65.1225 mm): Footprint U20
[lib_footprint_mismatch]: Footprint 'C_0201_0603Metric' does not match copy in library 'Capacitor_SMD'.
    Local override; warning
    @(77.5000 mm, 92.2750 mm): Footprint C58
[lib_footprint_mismatch]: Footprint 'R_0201_0603Metric' does not match copy in library 'Resistor_SMD'.
    Local override; warning
    @(55.1400 mm, 87.5300 mm): Footprint R10
[lib_footprint_mismatch]: Footprint 'SOT-23-5' does not match copy in library 'Package_TO_SOT_SMD'.
    Local override; warning
    @(52.8050 mm, 81.9775 mm): Footprint U7
[lib_footprint_mismatch]: Footprint 'C_0201_0603Metric' does not match copy in library 'Capacitor_SMD'.
    Local override; warning
    @(71.9750 mm, 67.6000 mm): Footprint C1
[lib_footprint_mismatch]: Footprint 'SOT-23-5' does not match copy in library 'Package_TO_SOT_SMD'.
    Local override; warning
    @(61.7350 mm, 73.6250 mm): Footprint U10
[silk_over_copper]: Silkscreen clipped by solder mask
    Local override; warning
    @(80.0000 mm, 85.0000 mm): PCB text 'G6 panel 45mm RP2354' on B.Silkscreen
[silk_over_copper]: Silkscreen clipped by solder mask
    Local override; warning
    @(70.9450 mm, 51.3325 mm): PCB text 'TOP' on B.Silkscreen
[silk_over_copper]: Silkscreen clipped by solder mask
    Local override; warning
    @(63.0000 mm, 84.0000 mm): PCB text 'boot' on B.Silkscreen
[silk_over_copper]: Silkscreen clipped by solder mask
    Local override; warning
    @(59.4200 mm, 77.2950 mm): Rectangle of SW1 on B.Silkscreen
[silk_over_copper]: Silkscreen clipped by solder mask
    Local override; warning
    @(85.5800 mm, 81.2950 mm): Rectangle of SW2 on B.Silkscreen
[silk_overlap]: Silkscreen overlap
    Rule: board setup constraints silk; warning
    @(67.4150 mm, 93.6028 mm): Segment of C67 on B.Silkscreen
    @(67.0350 mm, 93.8325 mm): Polygon of U43 on B.Silkscreen

** Found 0 unconnected pads **

** Found 0 Footprint errors **

** End of Report **
